// Jest Snapshot v1, https://goo.gl/fbAQLP

exports[`check if hints escape get rendered on start up 1`] = `
<DocumentFragment>
  <section
    class="note"
  >
    <button
      aria-describedby="popup-1"
      class="hint-button"
      data-testid="hintBtn"
    >
       Tips
    </button>
    <div
      class="punten"
    >
      Punten: 
    </div>
    <section
      class="note-center"
    >
      <div
        class="oplosmatrix-grid"
      >
        <div
          class="grid-item-blank"
        />
        <div
          class="grid-item-img"
        >
          <img
            alt="earth"
            class="icon"
            draggable="false"
            src="earth.png"
          />
        </div>
        <div
          class="grid-item-img"
        >
          <img
            alt="moon"
            class="icon"
            draggable="false"
            src="moon.png"
          />
        </div>
        <div
          class="grid-item-img"
        >
          <img
            alt="astronaut"
            class="icon astronautMatrix"
            draggable="false"
            src="astronaut.png"
          />
        </div>
        <div
          class="grid-item-color-red"
        />
        <div
          class="grid-item-number"
        >
          1
        </div>
        <div
          class="grid-item-number"
        >
          7
        </div>
        <div
          class="grid-item-number"
        >
          5
        </div>
        <div
          class="grid-item-color-blue"
        />
        <div
          class="grid-item-number"
        >
          6
        </div>
        <div
          class="grid-item-number"
        >
          3
        </div>
        <div
          class="grid-item-number"
        >
          9
        </div>
        <div
          class="grid-item-color-yellow"
        />
        <div
          class="grid-item-number"
        >
          2
        </div>
        <div
          class="grid-item-number"
        >
          8
        </div>
        <div
          class="grid-item-number"
        >
          4
        </div>
      </div>
    </section>
    <section
      class="oplosmatrix__lock"
    >
      <img
        alt="oplosmatrix slot"
        class="oplosmatrix__lock-image"
        draggable="false"
        src="lock.png"
      />
      <form
        class="oplosmatrix__form"
      >
        <input
          class="oplosmatrix__lock-input first"
          placeholder="*"
        />
        <input
          class="oplosmatrix__lock-input second"
          placeholder="*"
        />
        <input
          class="oplosmatrix__lock-input third"
          placeholder="*"
        />
        <input
          class="oplosmatrix__lock-button"
          type="submit"
          value="Open"
        />
      </form>
    </section>
    <section
      class="container__postit"
    >
      <img
        alt="postIt"
        class="postIt__image"
        draggable="false"
        src="post-it.png"
      />
      <p
        class="postIt__text"
      >
        We hebben verschillende
        <span
          class="postIt__red"
        >
           planeten 
        </span>
        in ons zonnestelsel, op aarde zien wij bijna iedere avond de 
        <span
          class="postIt__blue"
        >
          maan
        </span>
        . Daarbij zijn wij met een aantal
        <span
          class="postIt__yellow"
        >
           astronauten 
        </span>
         op het schip
      </p>
    </section>
    <div
      class="pop-up"
      id="popup"
    >
      <p
        class="pop-up-text"
      >
          
      </p>
      <button
        class="button primary"
        data-testid="button-popup"
      >
        Verder!
      </button>
    </div>
  </section>
</DocumentFragment>
`;
