// Jest Snapshot v1, https://goo.gl/fbAQLP

exports[`Test if Overgang Puzzel component is rendered 1`] = `
Array [
  <section
    className="note"
  >
    <button
      aria-describedby="popup-1"
      className="hint-button"
      onClick={[Function]}
    >
       hints
    </button>
    <div
      className="punten"
    >
      Punten: 
    </div>
    <section
      className="note-center"
    >
      <div
        className="oplosmatrix-grid"
      >
        <div
          className="grid-item-blank"
        />
        <div
          className="grid-item-img"
        >
          <img
            alt="earth"
            className="icon"
            src="earth.png"
          />
        </div>
        <div
          className="grid-item-img"
        >
          <img
            alt="moon"
            className="icon"
            src="moon.png"
          />
        </div>
        <div
          className="grid-item-img"
        >
          <img
            alt="astronaut"
            className="icon"
            src="astronaut.png"
          />
        </div>
        <div
          className="grid-item-color-red"
        />
        <div
          className="grid-item-number"
        >
          1
        </div>
        <div
          className="grid-item-number"
        >
          7
        </div>
        <div
          className="grid-item-number"
        >
          5
        </div>
        <div
          className="grid-item-color-blue"
        />
        <div
          className="grid-item-number"
        >
          6
        </div>
        <div
          className="grid-item-number"
        >
          3
        </div>
        <div
          className="grid-item-number"
        >
          9
        </div>
        <div
          className="grid-item-color-yellow"
        />
        <div
          className="grid-item-number"
        >
          2
        </div>
        <div
          className="grid-item-number"
        >
          8
        </div>
        <div
          className="grid-item-number"
        >
          4
        </div>
      </div>
    </section>
    <section
      className="oplosmatrix__lock"
    >
      <img
        alt="oplosmatrix slot"
        className="oplosmatrix__lock-image"
        src="lock.png"
      />
      <form
        className="oplosmatrix__form"
        onSubmit={[Function]}
      >
        <input
          className="oplosmatrix__lock-input"
          placeholder="*"
        />
        <input
          className="oplosmatrix__lock-input"
          placeholder="*"
        />
        <input
          className="oplosmatrix__lock-input"
          placeholder="*"
        />
        <input
          className="oplosmatrix__lock-button"
          type="submit"
          value="Open"
        />
      </form>
    </section>
    <section
      className="container__postit"
    >
      <img
        alt="postIt"
        className="postIt__image"
        src="post-it.png"
      />
      <p
        className="postIt__text"
      >
        We hebben 
        <span
          className="postIt__red"
        >
          8 planeten 
        </span>
        in ons zonnestelsel, op aarde zien wij bijna iedere avond 
        <span
          className="postIt__blue"
        >
          1 maan
        </span>
        . Daarbij zijn wij met
        <span
          className="postIt__yellow"
        >
           4 astronauten 
        </span>
         op het schip
      </p>
    </section>
    <div
      className="pop-up"
      id="popup"
    >
      <p
        className="pop-up-text"
      >
         
         
      </p>
      <button
        className="button primary"
        onClick={[Function]}
      >
        Verder!
      </button>
    </div>
  </section>,
  ",",
]
`;
